// Jest Snapshot v1, https://goo.gl/fbAQLP

exports[`Should render App component 1`] = `
<div>
  <h1>
    React Webpack Boilerplate
  </h1>
  <p>
    Edit App component in src folder to get started.
  </p>
</div>
`;
